The Coca-Cola Company        -> coca-cola            15 préfixes validés ['5449000', '5038862', '5000112', '7501295', '8004996', '9300675', '7896504', '7771609', '8901764', '9555589', '7898341', '8992761', '7801610', '8935049', '7771200'] (22 rejetés)
PepsiCo                      -> pepsico              19 préfixes validés ['8410199', '5000328', '5900259', '5601363', '4803925', '7792170', '5201024', '8858998', '6221031', '9313820', '7501761', '5000108', '6130743', '6924743', '4690388', '4710543', '5011555', '8690624', '1200108'] (58 rejetés)
Elbit Systems                -> elbit-systems        0 préfixes validés [] (0 rejetés)
Israel Aerospace Industries (IAI) -> iai                  0 préfixes validés [] (0 rejetés)
Mekorot                      -> mekorot              0 préfixes validés [] (0 rejetés)
Netafim                      -> netafim              0 préfixes validés [] (0 rejetés)
Adama                        -> adama                0 préfixes validés [] (0 rejetés)
Ahava                        -> ahava                0 préfixes validés [] (0 rejetés)
ICL / Israel Chemicals       -> icl                  0 préfixes validés [] (0 rejetés)
Electra Group                -> electra-group        0 préfixes validés [] (0 rejetés)
BAE Systems                  -> bae-systems          0 préfixes validés [] (0 rejetés)
Boeing                       -> boeing               0 préfixes validés [] (0 rejetés)
Caterpillar                  -> caterpillar          0 préfixes validés [] (0 rejetés)
FANUC                        -> fanuc                0 préfixes validés [] (0 rejetés)
General Dynamics             -> general-dynamics     0 préfixes validés [] (0 rejetés)
Hikvision                    -> hikvision            0 préfixes validés [] (0 rejetés)
Honeywell                    -> honeywell            0 préfixes validés [] (0 rejetés)
L3Harris                     -> l3harris             0 préfixes validés [] (0 rejetés)
Leonardo                     -> leonardo             0 préfixes validés [] (3 rejetés)
Lockheed Martin              -> lockheed-martin      0 préfixes validés [] (0 rejetés)
Nammo                        -> nammo                0 préfixes validés [] (0 rejetés)
Northrop Grumman             -> northrop-grumman     0 préfixes validés [] (0 rejetés)
Oshkosh                      -> oshkosh              0 préfixes validés [] (0 rejetés)
RENK Group                   -> renk                 0 préfixes validés [] (0 rejetés)
Rheinmetall                  -> rheinmetall          0 préfixes validés [] (0 rejetés)
Rolls-Royce Holdings         -> rolls-royce          0 préfixes validés [] (0 rejetés)
RTX / Raytheon               -> rtx                  0 préfixes validés [] (0 rejetés)
Sturm, Ruger & Co.           -> sturm-ruger          0 préfixes validés [] (0 rejetés)
Textron                      -> textron              0 préfixes validés [] (0 rejetés)
ThyssenKrupp                 -> thyssenkrupp         0 préfixes validés [] (0 rejetés)
TKH Security                 -> tkh-security         0 préfixes validés [] (0 rejetés)
Alstom                       -> alstom               0 préfixes validés [] (0 rejetés)
Bright Dairy & Food / Tnuva  -> bright-dairy         0 préfixes validés [] (0 rejetés)
CAF                          -> caf                  0 préfixes validés [] (0 rejetés)
Carlsberg                    -> carlsberg            1 préfixes validés ['8007950'] (8 rejetés)
Carrefour                    -> carrefour            6 préfixes validés ['3560070', '3560071', '8431876', '5400101', '3523680', '8012666'] (2 rejetés)
Cemex                        -> cemex                0 préfixes validés [] (0 rejetés)
Heidelberg Materials         -> heidelberg-materials 0 préfixes validés [] (0 rejetés)
Orbia / Netafim              -> orbia                0 préfixes validés [] (0 rejetés)
RE/MAX                       -> remax                0 préfixes validés [] (0 rejetés)
WSP Global                   -> wsp-global           0 préfixes validés [] (0 rejetés)
Disney+                      -> disney-plus          0 préfixes validés [] (2 rejetés)
Nestlé                       -> nestle               57 préfixes validés ['7613036', '7613034', '7613287', '8445290', '7613033', '3023290', '3266191', '7613031', '7613032', '8000300', '7891000', '7613037', '3033710', '5900020', '8445291', '7613038', '7630039', '9000295', '7613039', '3760381', '3179732', '3179730', '9556001', '7501058', '7630428', '4902201', '7630047', '3800020', '7610100', '8002270', '6294003', '3387390', '8053041', '5900571', '7630311', '4008211', '7630030', '5011546', '3033210', '8410100', '8850125', '7460123', '6033000', '6424908', '6111018', '9002100', '4005500', '8901058', '5000189', '8850124', '6001056', '6001068', '7630054', '8690632', '6181002', '8888082', '4800361'] (46 rejetés)
L'Oréal Groupe               -> l-oreal-groupe       18 préfixes validés ['3600551', '3337875', '3606000', '3474630', '3600523', '3337872', '3600524', '3337871', '3600541', '3474636', '3600522', '3433422', '3610340', '3474637', '3600520', '7899706', '7509552', '8901526'] (25 rejetés)
Israel Aerospace Industries  -> israel-aerospace-industries 0 préfixes validés [] (0 rejetés)
ICL Group                    -> icl-group            0 préfixes validés [] (0 rejetés)
Osem-Nestlé                  -> osem-nestle          0 préfixes validés [] (0 rejetés)
Teva                         -> teva                 0 préfixes validés [] (2 rejetés)
