  ! brand search failed for McDonald's: HTTP Error 503: Service Temporarily Unavailable
  ! brand search failed for Coca-Cola: HTTP Error 503: Service Temporarily Unavailable
  ! brand search failed for Pizza Hut: HTTP Error 503: Service Temporarily Unavailable
  ! brand search failed for KFC: HTTP Error 503: Service Temporarily Unavailable
  ! brand search failed for Taco Bell: HTTP Error 503: Service Temporarily Unavailable
  ! brand search failed for Habit Burger & Grill: HTTP Error 503: Service Temporarily Unavailable
  ! brand search failed for Burger King: HTTP Error 503: Service Temporarily Unavailable
  ! brand search failed for Fanta: HTTP Error 503: Service Temporarily Unavailable
  ! brand search failed for Sprite: HTTP Error 503: Service Temporarily Unavailable
  ! brand search failed for Minute Maid: HTTP Error 503: Service Temporarily Unavailable
  ! brand search failed for Coca-Cola Zero Sugar: HTTP Error 503: Service Temporarily Unavailable
  ! brand search failed for Diet Coke: HTTP Error 503: Service Temporarily Unavailable
  ! brand search failed for smartwater: HTTP Error 503: Service Temporarily Unavailable
  ! brand search failed for vitaminwater: HTTP Error 503: Service Temporarily Unavailable
  ! brand search failed for Fuze Tea: HTTP Error 503: Service Temporarily Unavailable
  ! brand search failed for BODYARMOR: HTTP Error 503: Service Temporarily Unavailable
  ! brand search failed for Simply: HTTP Error 503: Service Temporarily Unavailable
  ! brand search failed for Del Valle: HTTP Error 503: Service Temporarily Unavailable
  ! brand search failed for Aquarius: HTTP Error 503: Service Temporarily Unavailable
  ! brand search failed for Gold Peak: HTTP Error 503: Service Temporarily Unavailable
  ! brand search failed for SodaStream: HTTP Error 503: Service Temporarily Unavailable
  ! brand search failed for PepsiCo: HTTP Error 503: Service Temporarily Unavailable
  ! brand search failed for Lay's: HTTP Error 503: Service Temporarily Unavailable
  ! brand search failed for Doritos: HTTP Error 503: Service Temporarily Unavailable
  ! brand search failed for Fritos: HTTP Error 503: Service Temporarily Unavailable
  ! brand search failed for Ruffles: HTTP Error 503: Service Temporarily Unavailable
  ! brand search failed for Bezeq Group: HTTP Error 503: Service Temporarily Unavailable
  ! brand search failed for SOCAR: HTTP Error 503: Service Temporarily Unavailable
  ! brand search failed for Delek Group: HTTP Error 503: Service Temporarily Unavailable
  ! brand search failed for Bank Hapoalim: HTTP Error 503: Service Temporarily Unavailable
  ! brand search failed for Bank Leumi: HTTP Error 503: Service Temporarily Unavailable
  ! brand search failed for Teva: HTTP Error 503: Service Temporarily Unavailable
  ! brand search failed for Netafim: HTTP Error 503: Service Temporarily Unavailable
  ! brand search failed for Adama: HTTP Error 503: Service Temporarily Unavailable
  ! brand search failed for Egged: HTTP Error 503: Service Temporarily Unavailable
  ! brand search failed for ICL / Israel Chemicals: HTTP Error 503: Service Temporarily Unavailable
  ! brand search failed for Electra Group: HTTP Error 503: Service Temporarily Unavailable
  ! brand search failed for Boeing: HTTP Error 503: Service Temporarily Unavailable
  ! brand search failed for Caterpillar: HTTP Error 503: Service Temporarily Unavailable
  ! brand search failed for Honeywell: HTTP Error 503: Service Temporarily Unavailable
  ! brand search failed for L3Harris: HTTP Error 503: Service Temporarily Unavailable
  ! brand search failed for Leonardo: HTTP Error 503: Service Temporarily Unavailable
  ! brand search failed for Lockheed Martin: HTTP Error 503: Service Temporarily Unavailable
  ! brand search failed for Oshkosh: HTTP Error 503: Service Temporarily Unavailable
  ! brand search failed for Rolls-Royce Holdings: HTTP Error 503: Service Temporarily Unavailable
  ! brand search failed for Sturm, Ruger & Co.: HTTP Error 503: Service Temporarily Unavailable
  ! brand search failed for Textron: HTTP Error 503: Service Temporarily Unavailable
  ! brand search failed for TKH Security: HTTP Error 503: Service Temporarily Unavailable
  ! brand search failed for Amazon: HTTP Error 503: Service Temporarily Unavailable
  ! brand search failed for Dell: HTTP Error 503: Service Temporarily Unavailable
  ! brand search failed for Google / Alphabet: HTTP Error 503: Service Temporarily Unavailable
  ! brand search failed for HP / HPE: HTTP Error 503: Service Temporarily Unavailable
  ! brand search failed for Meta: HTTP Error 503: Service Temporarily Unavailable
  ! brand search failed for Microsoft: HTTP Error 503: Service Temporarily Unavailable
  ! brand search failed for Oracle: HTTP Error 503: Service Temporarily Unavailable
  ! brand search failed for Palantir: HTTP Error 503: Service Temporarily Unavailable
  ! brand search failed for Dana Energy: HTTP Error 503: Service Temporarily Unavailable
  ! brand search failed for Genie Energy: HTTP Error 503: Service Temporarily Unavailable
  ! brand search failed for Glencore: HTTP Error 503: Service Temporarily Unavailable
  ! brand search failed for Shell: HTTP Error 503: Service Temporarily Unavailable
  ! brand search failed for Siemens: HTTP Error 503: Service Temporarily Unavailable
  ! brand search failed for Valero: HTTP Error 503: Service Temporarily Unavailable
  ! brand search failed for Alfried Krupp von Bohlen und Halbach-Stiftung: HTTP Error 503: Service Temporarily Unavailable
  ! brand search failed for Bank of America: HTTP Error 503: Service Temporarily Unavailable
  ! brand search failed for Banco Santander: HTTP Error 503: Service Temporarily Unavailable
  ! brand search failed for BlackRock: HTTP Error 503: Service Temporarily Unavailable
  ! brand search failed for CaixaBank: HTTP Error 503: Service Temporarily Unavailable
  ! brand search failed for Causeway Capital Management: HTTP Error 503: Service Temporarily Unavailable
  ! brand search failed for Invesco: HTTP Error 503: Service Temporarily Unavailable
  ! brand search failed for Harris Associates: HTTP Error 503: Service Temporarily Unavailable
  ! brand search failed for Morgan Stanley: HTTP Error 503: Service Temporarily Unavailable
  ! brand search failed for Norges Bank Investment Management: HTTP Error 503: Service Temporarily Unavailable
  ! brand search failed for Raven's Wing Asset Management: HTTP Error 503: Service Temporarily Unavailable
  ! brand search failed for Union Investment Privatfonds: HTTP Error 503: Service Temporarily Unavailable
  ! brand search failed for Vanguard: HTTP Error 503: Service Temporarily Unavailable
  ! brand search failed for Wellington Management: HTTP Error 503: Service Temporarily Unavailable
  ! brand search failed for Wells Fargo: HTTP Error 503: Service Temporarily Unavailable
  ! brand search failed for Barclays: HTTP Error 503: Service Temporarily Unavailable
  ! brand search failed for BNP Paribas: HTTP Error 503: Service Temporarily Unavailable
  ! brand search failed for Crédit Agricole: HTTP Error 503: Service Temporarily Unavailable
  ! brand search failed for Groupe BPCE: HTTP Error 503: Service Temporarily Unavailable
  ! brand search failed for Nordea: HTTP Error 503: Service Temporarily Unavailable
  ! brand search failed for Société Générale: HTTP Error 503: Service Temporarily Unavailable
  ! brand search failed for Airbnb: HTTP Error 503: Service Temporarily Unavailable
  ! brand search failed for Alstom: HTTP Error 503: Service Temporarily Unavailable
  ! brand search failed for Altice International: HTTP Error 503: Service Temporarily Unavailable
  ! brand search failed for CAF: HTTP Error 503: Service Temporarily Unavailable
  ! brand search failed for eDreams: HTTP Error 503: Service Temporarily Unavailable
  ! brand search failed for Expedia: HTTP Error 503: Service Temporarily Unavailable
  ! brand search failed for Orbia / Netafim: HTTP Error 503: Service Temporarily Unavailable
  ! brand search failed for Volvo Group: HTTP Error 503: Service Temporarily Unavailable
  ! brand search failed for WSP Global: HTTP Error 503: Service Temporarily Unavailable
  ! brand search failed for Restaurant Brands International: HTTP Error 503: Service Temporarily Unavailable
  ! brand search failed for Popeyes: HTTP Error 503: Service Temporarily Unavailable
  ! brand search failed for Osem: HTTP Error 503: Service Temporarily Unavailable
  ! brand search failed for Bissli: HTTP Error 503: Service Temporarily Unavailable
  ! brand search failed for Materna: HTTP Error 503: Service Temporarily Unavailable
  ! brand search failed for Tzabar: HTTP Error 503: Service Temporarily Unavailable
  ! brand search failed for KitKat: HTTP Error 503: Service Temporarily Unavailable
  ! brand search failed for Aero: HTTP Error 503: Service Temporarily Unavailable
  ! brand search failed for Milkybar: HTTP Error 503: Service Temporarily Unavailable
  ! brand search failed for Nesquik: HTTP Error 503: Service Temporarily Unavailable
  ! brand search failed for Buitoni: HTTP Error 503: Service Temporarily Unavailable
  ! brand search failed for Wagner: HTTP Error 503: Service Temporarily Unavailable
  ! brand search failed for Stouffer's: HTTP Error 503: Service Temporarily Unavailable
  ! brand search failed for DiGiorno: HTTP Error 503: Service Temporarily Unavailable
  ! brand search failed for Milo: HTTP Error 503: Service Temporarily Unavailable
  ! brand search failed for Nestlé NAN: HTTP Error 503: Service Temporarily Unavailable
  ! brand search failed for Cookie Crisp: HTTP Error 503: Service Temporarily Unavailable
  ! brand search failed for Cini Minis: HTTP Error 503: Service Temporarily Unavailable
  ! brand search failed for Golden Grahams: HTTP Error 503: Service Temporarily Unavailable
  ! brand search failed for Shreddies: HTTP Error 503: Service Temporarily Unavailable
  ! brand search failed for Nesquik Cereal: HTTP Error 503: Service Temporarily Unavailable
  ! brand search failed for La Laitière: HTTP Error 503: Service Temporarily Unavailable
  ! brand search failed for Herta: HTTP Error 503: Service Temporarily Unavailable
  ! brand search failed for Mousline: HTTP Error 503: Service Temporarily Unavailable
  ! brand search failed for Purina: HTTP Error 503: Service Temporarily Unavailable
  ! brand search failed for Purina ONE: HTTP Error 503: Service Temporarily Unavailable
  ! brand search failed for Purina Pro Plan: HTTP Error 503: Service Temporarily Unavailable
  ! brand search failed for Gourmet: HTTP Error 503: Service Temporarily Unavailable
  ! brand search failed for Fancy Feast: HTTP Error 503: Service Temporarily Unavailable
  ! brand search failed for Tidy Cats: HTTP Error 503: Service Temporarily Unavailable
  ! brand search failed for Dentalife: HTTP Error 503: Service Temporarily Unavailable
  ! brand search failed for Beyond Pet Food: HTTP Error 503: Service Temporarily Unavailable
  ! brand search failed for Hépar: HTTP Error 503: Service Temporarily Unavailable
  ! brand search failed for Nestea: HTTP Error 503: Service Temporarily Unavailable
  ! brand search failed for Nescafé Dolce Gusto: HTTP Error 503: Service Temporarily Unavailable
  ! brand search failed for Maybelline New York: HTTP Error 503: Service Temporarily Unavailable
  ! brand search failed for Lancôme: HTTP Error 503: Service Temporarily Unavailable
  ! brand search failed for Giorgio Armani Beauty: HTTP Error 503: Service Temporarily Unavailable
  ! brand search failed for Kiehl's: HTTP Error 503: Service Temporarily Unavailable
  ! brand search failed for Biotherm: HTTP Error 503: Service Temporarily Unavailable
  ! brand search failed for Mugler: HTTP Error 503: Service Temporarily Unavailable
  ! brand search failed for Azzaro: HTTP Error 503: Service Temporarily Unavailable
  ! brand search failed for Valentino Beauty: HTTP Error 503: Service Temporarily Unavailable
  ! brand search failed for Maison Margiela Fragrances: HTTP Error 503: Service Temporarily Unavailable
  ! brand search failed for Youth To The People: HTTP Error 503: Service Temporarily Unavailable
  ! brand search failed for Shu Uemura: HTTP Error 503: Service Temporarily Unavailable
  ! brand search failed for Kérastase: HTTP Error 503: Service Temporarily Unavailable
  ! brand search failed for Redken: HTTP Error 503: Service Temporarily Unavailable
  ! brand search failed for Matrix: HTTP Error 503: Service Temporarily Unavailable
  ! brand search failed for Mizani: HTTP Error 503: Service Temporarily Unavailable
  ! brand search failed for Pulp Riot: HTTP Error 503: Service Temporarily Unavailable
  ! brand search failed for Shu Uemura Art of Hair: HTTP Error 503: Service Temporarily Unavailable
  ! brand search failed for Color Wow: HTTP Error 503: Service Temporarily Unavailable
  ! brand search failed for Vichy: HTTP Error 503: Service Temporarily Unavailable
  ! brand search failed for SkinCeuticals: HTTP Error 503: Service Temporarily Unavailable
  ! brand search failed for Skinbetter Science: HTTP Error 503: Service Temporarily Unavailable
  ! brand search failed for Israel Aerospace Industries: HTTP Error 503: Service Temporarily Unavailable
  ! brand search failed for Wix.com: HTTP Error 503: Service Temporarily Unavailable
  ! brand search failed for Paz Oil Company: HTTP Error 503: Service Temporarily Unavailable
  ! brand search failed for ICL Group: HTTP Error 503: Service Temporarily Unavailable
  ! brand search failed for Osem-Nestlé: HTTP Error 503: Service Temporarily Unavailable
  ! brand search failed for Pepsi: HTTP Error 503: Service Temporarily Unavailable
  ! brand search failed for Alvalle: HTTP Error 503: Service Temporarily Unavailable
  ! brand search failed for Baken-Ets: HTTP Error 503: Service Temporarily Unavailable
  ! brand search failed for Cap'n Crunch: HTTP Error 503: Service Temporarily Unavailable
  ! brand search failed for Chester's: HTTP Error 503: Service Temporarily Unavailable
  ! brand search failed for Evolve: HTTP Error 503: Service Temporarily Unavailable
  ! brand search failed for Muscle Milk: HTTP Error 503: Service Temporarily Unavailable
  ! brand search failed for PopCorners: HTTP Error 503: Service Temporarily Unavailable
  ! brand search failed for poppi: HTTP Error 503: Service Temporarily Unavailable
  ! brand search failed for Sabra: HTTP Error 503: Service Temporarily Unavailable
  ! brand search failed for Siete: HTTP Error 503: Service Temporarily Unavailable
  ! brand search failed for Mirinda: HTTP Error 503: Service Temporarily Unavailable
  ! brand search failed for Lipton Ice Tea: HTTP Error 503: Service Temporarily Unavailable
  ! brand search failed for Bénénuts: HTTP Error 503: Service Temporarily Unavailable
  ! brand search failed for Kas: HTTP Error 503: Service Temporarily Unavailable
  ! brand search failed for 7UP: HTTP Error 503: Service Temporarily Unavailable
  ! brand search failed for Ayataka: HTTP Error 503: Service Temporarily Unavailable
  ! brand search failed for Georgia: HTTP Error 503: Service Temporarily Unavailable
  ! brand search failed for I LOHAS: HTTP Error 503: Service Temporarily Unavailable
  ! brand search failed for Core Power: HTTP Error 503: Service Temporarily Unavailable
  ! brand search failed for innocent: HTTP Error 503: Service Temporarily Unavailable
  ! brand search failed for Crunch: HTTP Error 503: Service Temporarily Unavailable
  ! brand search failed for Nuts: HTTP Error 503: Service Temporarily Unavailable
  ! brand search failed for Buxton: HTTP Error 503: Service Temporarily Unavailable
  ! brand search failed for Essentia: HTTP Error 503: Service Temporarily Unavailable
  ! brand search failed for Caro: HTTP Error 503: Service Temporarily Unavailable
  ! brand search failed for NAN: HTTP Error 503: Service Temporarily Unavailable
  ! brand search failed for Nidal: HTTP Error 503: Service Temporarily Unavailable
  ! brand search failed for Naturnes: HTTP Error 503: Service Temporarily Unavailable
  ! brand search failed for Bakers: HTTP Error 503: Service Temporarily Unavailable
  ! brand search failed for Winalot: HTTP Error 503: Service Temporarily Unavailable
  ! brand search failed for Lily's Kitchen: HTTP Error 503: Service Temporarily Unavailable
  ! brand search failed for Merrick: HTTP Error 503: Service Temporarily Unavailable
  ! brand search failed for Alpo: HTTP Error 503: Service Temporarily Unavailable
  ! brand search failed for Chef: HTTP Error 503: Service Temporarily Unavailable
  ! brand search failed for Sweet Earth: HTTP Error 503: Service Temporarily Unavailable
  ! brand search failed for Coffee-mate: HTTP Error 503: Service Temporarily Unavailable
  ! brand search failed for Boost: HTTP Error 503: Service Temporarily Unavailable
  ! brand search failed for Resource: HTTP Error 503: Service Temporarily Unavailable
  ! brand search failed for Clinutren: HTTP Error 503: Service Temporarily Unavailable
  ! brand search failed for Peptamen: HTTP Error 503: Service Temporarily Unavailable
  ! brand search failed for Compleat: HTTP Error 503: Service Temporarily Unavailable
  ! brand search failed for Nescau: HTTP Error 503: Service Temporarily Unavailable
  ! brand search failed for Nestlé Professional: HTTP Error 503: Service Temporarily Unavailable
  ! brand search failed for Blue Bottle Coffee: HTTP Error 503: Service Temporarily Unavailable
  ! brand search failed for Starbucks Coffee At Home: HTTP Error 503: Service Temporarily Unavailable
1018 candidates, 1016 to process
[1/1016] 5449000214799 ready (13 KB)
[2/1016] 3176571983008 ready (21 KB)
[3/1016] 5449000131805 ready (12 KB)
[4/1016] 59032823 ready (18 KB)
[5/1016] 3387390019995 ready (35 KB)
[6/1016] 3272036008375 ready (10 KB)
[7/1016] 3033710073467 ready (24 KB)
[8/1016] 5053827101424 ready (36 KB)
[9/1016] 3068320114453 ready (8 KB)
[10/1016] 5000159541510 ready (21 KB)
[11/1016] 3268840001008 ready (13 KB)
[12/1016] 3564700009604 ready (14 KB)
[13/1016] 7610700009888 ready (20 KB)
[14/1016] 5425021580204 ready (11 KB)
[15/1016] 3041092010574 ready (19 KB)
[16/1016] 6111018908999 ready (26 KB)
[17/1016] 3250391697854 ready (16 KB)
[18/1016] 32824421 ready (13 KB)
[19/1016] 5449000147417 rejected (source_too_small)
[20/1016] 3067140037898 ready (17 KB)
[21/1016] 3564700028872 ready (17 KB)
[22/1016] 3450970109215 ready (9 KB)
[23/1016] 6111035000430 ready (11 KB)
[24/1016] 3250392550738 ready (14 KB)
[25/1016] 3560070800322 ready (32 KB)
[26/1016] 3168930010265 ready (44 KB)
[27/1016] 3250393471957 rejected (no_front_photo)
[28/1016] 6111128000071 ready (11 KB)
[29/1016] 6111035003035 ready (16 KB)
[30/1016] 6111035003004 ready (11 KB)
[31/1016] 3068320123264 ready (15 KB)
[32/1016] 8002270014901 ready (11 KB)
[33/1016] 5449000000439 ready (13 KB)
[34/1016] 6111035502941 ready (11 KB)
[35/1016] 5449000061515 ready (17 KB)
[36/1016] 5449000133328 ready (9 KB)
[37/1016] 54491472 ready (10 KB)
[38/1016] 6111035001024 ready (11 KB)
[39/1016] 5449000131836 ready (22 KB)
[40/1016] 3124480186560 ready (16 KB)
[41/1016] 5449000000286 ready (10 KB)
[42/1016] 4056489028109 ready (21 KB)
[43/1016] 90338243 ready (14 KB)
[44/1016] 3260221001393 ready (12 KB)
[45/1016] 5000112611861 ready (11 KB)
[46/1016] 5449000267412 ready (15 KB)
[47/1016] 3057640100178 ready (11 KB)
[48/1016] 26003191 ready (11 KB)
[49/1016] 4335619083660 rejected (source_too_small)
[50/1016] 3770009345095 ready (7 KB)
[51/1016] 6111251420272 ready (19 KB)
[52/1016] 3068320124537 ready (30 KB)
[53/1016] 3250391892907 ready (19 KB)
[54/1016] 7613036009102 ready (22 KB)
[55/1016] 052600751233 ready (18 KB)
[56/1016] 8445290549754 ready (23 KB)
[57/1016] 3497917004264 ready (24 KB)
[58/1016] 42094449 ready (11 KB)
C:\Users\bahri\oummah\scripts\product-images\build_product_images.py:163: DeprecationWarning: Image.Image.getdata is deprecated and will be removed in Pillow 14 (2027-10-15). Use get_flattened_data instead.
  columns = [sum(1 for value in alpha.crop((x, 0, x + 1, alpha.height)).getdata() if value > 128) for x in range(x0, x1)]
[59/1016] 0049000045239 rejected (lying_ambiguous)
[60/1016] 0049000045734 ready (38 KB)
[61/1016] 0049000045758 ready (12 KB)
[62/1016] 54000599 ready (10 KB)
[63/1016] 5449000130853 ready (11 KB)
[64/1016] 5449000169242 ready (12 KB)
[65/1016] 54490345 ready (13 KB)
[66/1016] 8531952365364 ready (13 KB)
[67/1016] 0049000054361 ready (16 KB)
[68/1016] 5449000085276 rejected (cutout_too_sparse)
[69/1016] 45129278 ready (12 KB)
[70/1016] 93547932 ready (13 KB)
[71/1016] 81606726 ready (16 KB)
[72/1016] 9300675087964 rejected (source_too_small)
[73/1016] 9300675089180 ready (10 KB)
[74/1016] 1801432100004 ready (19 KB)
[75/1016] 54000575 ready (7 KB)
[76/1016] 8935049500414 ready (14 KB)
[77/1016] 5028030001533 ready (14 KB)
[78/1016] 5028030001427 ready (20 KB)
[79/1016] 5028030001373 ready (16 KB)
[80/1016] 5028030001441 ready (18 KB)
[81/1016] 0351652900447 ready (12 KB)
[82/1016] 3357934020336 rejected (no_front_photo)
[83/1016] 0755270000563 ready (9 KB)
[84/1016] 8718226323156 ready (23 KB)
[85/1016] 0755270000310 ready (14 KB)
[86/1016] 0755270000549 ready (12 KB)
[87/1016] 0755270000556 ready (18 KB)
[88/1016] 8718226321039 ready (11 KB)
[89/1016] 8718226321510 ready (8 KB)
[90/1016] 8718226322098 rejected (no_front_photo)
[91/1016] 8718226322500 ready (11 KB)
[92/1016] 8718226322517 rejected (no_front_photo)
[93/1016] 8718226321008 ready (14 KB)
[94/1016] 8718226323507 ready (14 KB)
[95/1016] 8718226322234 ready (11 KB)
[96/1016] 8718226321565 ready (15 KB)
[97/1016] 8718226322203 rejected (cutout_too_sparse)
[98/1016] 8718226321190 ready (10 KB)
[99/1016] 8718226321558 ready (11 KB)
[100/1016] 8718226322258 ready (11 KB)
[101/1016] 8718226321572 ready (12 KB)
[102/1016] 8410199002303 ready (23 KB)
[103/1016] 4902443545000 ready (21 KB)
[104/1016] 5900259087126 rejected (subject_too_small)
[105/1016] 0028400337298 rejected (cutout_too_sparse)
[106/1016] 0060410004197 ready (32 KB)
[107/1016] 5201024513292 ready (17 KB)
[108/1016] 5201024511090 ready (26 KB)
[109/1016] 5201024517221 ready (18 KB)
[110/1016] 5201024517306 ready (15 KB)
[111/1016] 5290052000379 ready (16 KB)
[112/1016] 5900259083579 rejected (cutout_too_sparse)
[113/1016] 5900259092694 rejected (cutout_too_sparse)
[114/1016] 59505020 ready (21 KB)
[115/1016] 8410199002273 ready (27 KB)
[116/1016] 8410199002686 rejected (cutout_too_sparse)
[117/1016] 8410199005717 ready (21 KB)
[118/1016] 8410199009760 ready (18 KB)
[119/1016] 8410199009777 rejected (no_front_photo)
[120/1016] 8410199012579 ready (20 KB)
[121/1016] 8410199013507 ready (18 KB)
[122/1016] 8410199015969 ready (22 KB)
[123/1016] 8410199015976 ready (24 KB)
[124/1016] 8410199040305 ready (19 KB)
[125/1016] 8710398500205 ready (24 KB)
[126/1016] 8710398502483 ready (18 KB)
[127/1016] 8710398505774 ready (24 KB)
[128/1016] 8710398596222 ready (27 KB)
[129/1016] 9339533463565 ready (26 KB)
[130/1016] 0028400579995 ready (27 KB)
[131/1016] 0028400433303 ready (28 KB)
[132/1016] 8410408014165 rejected (source_too_small)
[133/1016] 8410408014172 rejected (no_front_photo)
[134/1016] 0055577420508 rejected (no_front_photo)
[135/1016] 9310640620010 ready (11 KB)
[136/1016] 0057271163774 ready (17 KB)
[137/1016] 8001160000147 ready (15 KB)
[138/1016] 8001160000154 ready (17 KB)
[139/1016] 8001160001335 ready (12 KB)
[140/1016] 8001160001359 ready (10 KB)
[141/1016] 8410408014158 rejected (no_front_photo)
[142/1016] 0057271160087 ready (11 KB)
[143/1016] 05200601 ready (28 KB)
[144/1016] 87171365 ready (8 KB)
[145/1016] 8001160000949 ready (11 KB)
[146/1016] 8001160008365 ready (6 KB)
[147/1016] 8001160008372 ready (11 KB)
[148/1016] 3767160002981 ready (17 KB)
[149/1016] 8001160172974 ready (15 KB)
[150/1016] 0012000803857 ready (15 KB)
[151/1016] 40608082 ready (12 KB)
[152/1016] 5900497017909 ready (11 KB)
[153/1016] 4060800144850 ready (21 KB)
[154/1016] 4060800166302 ready (11 KB)
[155/1016] 4060800173010 rejected (no_front_photo)
[156/1016] 5410188027389 ready (14 KB)
[157/1016] 6130743017066 ready (12 KB)
[158/1016] 8715600232028 ready (17 KB)
[159/1016] 5949000505403 ready (11 KB)
[160/1016] 4060800162946 ready (12 KB)
[161/1016] 6111252421254 ready (14 KB)
[162/1016] 5410188035889 ready (22 KB)
[163/1016] 0012000170867 ready (14 KB)
[164/1016] 4060800302076 ready (13 KB)
[165/1016] 0012000018657 ready (13 KB)
[166/1016] 0012000001314 ready (15 KB)
[167/1016] 4060800157539 ready (18 KB)
[168/1016] 0012000203183 ready (16 KB)
[169/1016] 8710398503183 ready (26 KB)
[170/1016] 8710398170576 ready (20 KB)
[171/1016] 0055577107430 ready (13 KB)
[172/1016] 8901491103787 ready (23 KB)
[173/1016] 4800274080014 ready (24 KB)
[174/1016] 11597070 ready (20 KB)
[175/1016] 7861035520054 ready (19 KB)
[176/1016] 7702193171002 ready (22 KB)
[177/1016] 0055577102398 ready (14 KB)
[178/1016] 3168930003335 ready (34 KB)
[179/1016] 0030000061190 ready (22 KB)
[180/1016] 0030000563977 rejected (cutout_too_sparse)
[181/1016] 6108940009795 ready (12 KB)
[182/1016] 9556175966050 ready (15 KB)
[183/1016] 0055577102305 rejected (cutout_too_sparse)
[184/1016] 0055577013069 rejected (cutout_too_sparse)
[185/1016] 0055577109724 ready (18 KB)
[186/1016] 0803275305715 ready (21 KB)
[187/1016] 7702189027818 rejected (no_front_photo)
[188/1016] 36400102 rejected (no_front_photo)
[189/1016] 6108940003632 ready (30 KB)
[190/1016] 3560071097745 ready (32 KB)
[191/1016] 0055577103623 ready (16 KB)
[192/1016] 0055577104989 ready (23 KB)
[193/1016] 0055577105337 ready (28 KB)
[194/1016] 0055577105542 ready (35 KB)
[195/1016] 0169240006224 ready (25 KB)
[196/1016] 0442222886787 ready (24 KB)
[197/1016] 13865368 rejected (cutout_too_sparse)
[198/1016] 30760462 ready (16 KB)
[199/1016] 0028400055970 ready (20 KB)
[200/1016] 0060410901243 ready (13 KB)
[201/1016] 0060410901205 ready (22 KB)
[202/1016] 0060410030646 ready (14 KB)
[203/1016] 0060410049556 ready (20 KB)
[204/1016] 0028400589246 ready (27 KB)
[205/1016] 0028400017480 ready (22 KB)
[206/1016] 0060410073025 ready (12 KB)
[207/1016] 7501011173521 ready (24 KB)
[208/1016] 0028400143936 ready (20 KB)
[209/1016] 0060410489758 ready (25 KB)
[210/1016] 0038200002272 ready (29 KB)
[211/1016] 0028400063999 ready (19 KB)
[212/1016] 0060410069608 ready (25 KB)
[213/1016] 0060410901212 ready (31 KB)
[214/1016] 5000328950839 ready (20 KB)
[215/1016] 0060410901151 ready (24 KB)
[216/1016] 6223001360049 ready (10 KB)
[217/1016] 0069000061046 ready (11 KB)
[218/1016] 0320944442774 ready (14 KB)
[219/1016] 0340434003360 rejected (no_front_photo)
[220/1016] 20671389 ready (23 KB)
[221/1016] 5706345434504 rejected (no_front_photo)
[222/1016] 5706345431503 rejected (no_front_photo)
[223/1016] 3080216054605 ready (27 KB)
[224/1016] 3080216053660 ready (11 KB)
[225/1016] 3080216027760 ready (10 KB)
[226/1016] 7612900900071 ready (12 KB)
[227/1016] 5010153766277 ready (15 KB)
[228/1016] 7612900343878 ready (13 KB)
[229/1016] 5900014091450 ready (24 KB)
[230/1016] 3080216055909 ready (22 KB)
[231/1016] 5900014005488 ready (29 KB)
[232/1016] 3560070845408 ready (18 KB)
[233/1016] 3560071411220 ready (25 KB)
[234/1016] 3276550087069 ready (15 KB)
[235/1016] 3560071528720 ready (14 KB)
[236/1016] 3245412058776 ready (18 KB)
[237/1016] 12454143 ready (10 KB)
[238/1016] 3560071256098 ready (9 KB)
[239/1016] 3560070564743 ready (10 KB)
[240/1016] 3560070449088 ready (16 KB)
[241/1016] 8594071407650 ready (19 KB)
[242/1016] 3560070681136 ready (32 KB)
[243/1016] 3560071484453 ready (16 KB)
[244/1016] 3560071551957 ready (19 KB)
[245/1016] 3560070771035 ready (35 KB)
[246/1016] 8012666507184 ready (11 KB)
[247/1016] 3560071013448 ready (18 KB)
[248/1016] 3700009276495 rejected (cutout_too_sparse)
[249/1016] 5400101011656 ready (15 KB)
[250/1016] 8594070879762 ready (30 KB)
[251/1016] 3560071495688 ready (14 KB)
[252/1016] 3523680441958 ready (25 KB)
[253/1016] 3560071405908 ready (35 KB)
[254/1016] 3270190024972 ready (29 KB)
[255/1016] 3560070363711 ready (14 KB)
[256/1016] 3560071040420 ready (20 KB)
[257/1016] 8594070737048 rejected (no_front_photo)
[258/1016] 0524000383616 rejected (no_front_photo)
[259/1016] 3270190114123 ready (30 KB)
[260/1016] 3523680497511 rejected (cutout_too_sparse)
[261/1016] 3560071499037 ready (14 KB)
[262/1016] 2080230130003 ready (53 KB)
[263/1016] 2080350100153 ready (16 KB)
[264/1016] 3251512994999 ready (20 KB)
[265/1016] 3274661106907 ready (18 KB)
[266/1016] 3274661092729 ready (12 KB)
[267/1016] 3700697143079 ready (20 KB)
[268/1016] 5425019201821 ready (20 KB)
[269/1016] 8435477900218 ready (22 KB)
[270/1016] 8718215722946 ready (11 KB)
[271/1016] 5901986031055 ready (27 KB)
[272/1016] 2080750170046 ready (12 KB)
[273/1016] 5901986033394 ready (18 KB)
[274/1016] 20550004 ready (13 KB)
[275/1016] 2080350200143 ready (13 KB)
[276/1016] 2080350200150 ready (28 KB)
[277/1016] 5030765036568 ready (25 KB)
[278/1016] 2080350180063 ready (27 KB)
[279/1016] 8717418074722 ready (9 KB)
[280/1016] 2081130200001 ready (24 KB)
[281/1016] 2080350200136 ready (22 KB)
[282/1016] 4009700036278 ready (16 KB)
[283/1016] 02577828 ready (18 KB)
[284/1016] 0400982619229 ready (18 KB)
[285/1016] 3387390123210 ready (37 KB)
[286/1016] 7613036669146 ready (33 KB)
[287/1016] 7613035040823 rejected (cutout_too_sparse)
[288/1016] 7613035676497 ready (24 KB)
[289/1016] 3033710084913 ready (10 KB)
[290/1016] 8445290133403 ready (29 KB)
[291/1016] 3033710065783 ready (20 KB)
[292/1016] 7613035449626 ready (36 KB)
[293/1016] 7613032655495 ready (24 KB)
[294/1016] 7613287514325 ready (33 KB)
[295/1016] 7613032779566 ready (34 KB)
[296/1016] 3387390326574 ready (32 KB)
[297/1016] 7613035859098 ready (22 KB)
[298/1016] 3023291122005 ready (27 KB)
[299/1016] 3033710003228 ready (25 KB)
[300/1016] 7613035040793 ready (20 KB)
[301/1016] 7613035898646 ready (19 KB)
[302/1016] 8445291061132 ready (12 KB)
[303/1016] 8445291604117 ready (29 KB)
[304/1016] 3023290634578 ready (35 KB)
[305/1016] 7613035833272 rejected (source_too_small)
[306/1016] 7613038954226 ready (19 KB)
[307/1016] 3023290035801 rejected (source_too_small)
[308/1016] 7613036891530 ready (28 KB)
[309/1016] 7613033687884 ready (25 KB)
[310/1016] 7613035982055 ready (33 KB)
[311/1016] 8002270116544 ready (12 KB)
[312/1016] 3033710071005 ready (23 KB)
[313/1016] 3254691589628 ready (16 KB)
[314/1016] 4050300517797 rejected (no_front_photo)
[315/1016] 1040054530022 rejected (no_front_photo)
[316/1016] 7290000072753 ready (16 KB)
[317/1016] 5201219046109 ready (16 KB)
[318/1016] 3033710039586 ready (16 KB)
[319/1016] 7613035278691 ready (17 KB)
[320/1016] 8000550438621 ready (15 KB)
[321/1016] 0035250074525 ready (18 KB)
[322/1016] 7613035907300 ready (12 KB)
[323/1016] 7891000071823 ready (18 KB)
[324/1016] 3250392793104 ready (31 KB)
[325/1016] 7613036870115 ready (19 KB)
[326/1016] 0643435552579 ready (10 KB)
[327/1016] 8445290914200 ready (14 KB)
[328/1016] 6181002001869 ready (28 KB)
[329/1016] 5011546477640 ready (14 KB)
[330/1016] 9300605113145 ready (22 KB)
[331/1016] 5998710984589 rejected (lying_ambiguous)
[332/1016] 6294003562540 ready (28 KB)
[333/1016] 0645860001554 rejected (no_front_photo)
[334/1016] 3023290001523 ready (19 KB)
[335/1016] 3033710076888 ready (16 KB)
[336/1016] 7616100776207 ready (18 KB)
[337/1016] 8850128030029 ready (12 KB)
[338/1016] 9556001119926 ready (10 KB)
[339/1016] 8710900032668 ready (18 KB)
[340/1016] 8801055062799 ready (9 KB)
[341/1016] 7613033004995 ready (24 KB)
[342/1016] 6260418720011 ready (10 KB)
[343/1016] 7613196008632 ready (20 KB)
[344/1016] 3149330008816 ready (16 KB)
[345/1016] 9300605137424 ready (13 KB)
[346/1016] 7630428719395 ready (7 KB)
[347/1016] 7630585382807 ready (12 KB)
[348/1016] 7630585383484 rejected (source_too_small)
[349/1016] 7630585369822 ready (5 KB)
[350/1016] 7630585370644 rejected (lying_ambiguous)
[351/1016] 7630054493614 ready (2 KB)
[352/1016] 7630585371276 rejected (source_too_small)
[353/1016] 7630585383897 ready (4 KB)
[354/1016] 7630585301723 rejected (cutout_too_sparse)
[355/1016] 7630585370859 rejected (no_front_photo)
[356/1016] 7630585326054 rejected (no_front_photo)
[357/1016] 7630585382982 rejected (source_too_small)
[358/1016] 7630428718336 ready (5 KB)
[359/1016] 7630585384160 rejected (no_front_photo)
[360/1016] 7630585382357 ready (17 KB)
[361/1016] 7630311558674 ready (5 KB)
[362/1016] 7630311538232 ready (13 KB)
[363/1016] 7630428722678 rejected (source_too_small)
[364/1016] 7630428719715 ready (6 KB)
[365/1016] 7630428720278 rejected (source_too_small)
[366/1016] 7630428700843 rejected (no_front_photo)
[367/1016] 7630585316789 rejected (no_front_photo)
[368/1016] 7630585369099 rejected (lying_ambiguous)
[369/1016] 7630585379517 rejected (source_too_small)
[370/1016] 7630585369945 ready (14 KB)
[371/1016] 7630311550272 ready (11 KB)
[372/1016] 7630054493935 rejected (lying_ambiguous)
[373/1016] 7630428705534 ready (4 KB)
[374/1016] 7630428733025 rejected (subject_too_small)
[375/1016] 7630428788841 ready (9 KB)
[376/1016] 42395034 ready (20 KB)
[377/1016] 3023290400333 ready (32 KB)
[378/1016] 7613287121974 ready (20 KB)
[379/1016] 40345192 ready (15 KB)
[380/1016] 7613036274777 ready (13 KB)
[381/1016] 7613287403216 ready (20 KB)
[382/1016] 41007563 ready (18 KB)
[383/1016] 8436575299198 rejected (no_front_photo)
[384/1016] 7613036271554 ready (10 KB)
[385/1016] 42370307 ready (18 KB)
[386/1016] 7613287101778 ready (32 KB)
[387/1016] 42395027 ready (31 KB)
[388/1016] 6001068696109 ready (21 KB)
[389/1016] 8000300410143 ready (43 KB)
[390/1016] 42420965 ready (11 KB)
[391/1016] 59968092 ready (30 KB)
[392/1016] 7613035312074 ready (34 KB)
[393/1016] 59947493 ready (21 KB)
[394/1016] 8000300424058 ready (24 KB)
[395/1016] 8000300426175 ready (31 KB)
[396/1016] 3023290470640 ready (19 KB)
[397/1016] 3033710018871 ready (16 KB)
[398/1016] 40056470 rejected (cutout_too_sparse)
[399/1016] 40056739 ready (13 KB)
[400/1016] 40345185 ready (12 KB)
[401/1016] 59926450 ready (18 KB)
[402/1016] 59926658 ready (15 KB)
[403/1016] 59939764 ready (15 KB)
[404/1016] 7613031030187 ready (20 KB)
[405/1016] 7613033139338 ready (16 KB)
[406/1016] 5010285100611 ready (13 KB)
[407/1016] 6194005800049 rejected (no_front_photo)
[408/1016] 0653082199577 ready (2 KB)
[409/1016] 0065204178788 ready (15 KB)
[410/1016] 3033710010141 ready (25 KB)
[411/1016] 3387390021974 ready (24 KB)
[412/1016] 7303035879249 ready (22 KB)
[413/1016] 7613034275349 rejected (cutout_too_sparse)
[414/1016] 7613034538079 rejected (no_front_photo)
[415/1016] 7613034835598 ready (9 KB)
[416/1016] 7613035791466 ready (32 KB)
[417/1016] 7613037208917 rejected (cutout_too_sparse)
[418/1016] 2000000077508 rejected (no_front_photo)
[419/1016] 7613036351706 rejected (cutout_too_sparse)
[420/1016] 3379141816274 ready (54 KB)
[421/1016] 50958443 ready (18 KB)
[422/1016] 7613035715523 ready (33 KB)
[423/1016] 42370222 ready (16 KB)
[424/1016] 26017693 ready (28 KB)
[425/1016] 26024776 ready (20 KB)
[426/1016] 78411111 ready (23 KB)
[427/1016] 3400930102060 ready (17 KB)
[428/1016] 01767872 ready (11 KB)
[429/1016] 3040020444580 rejected (no_front_photo)
[430/1016] 18595943 ready (13 KB)
[431/1016] 03399767 ready (13 KB)
[432/1016] 01773361 ready (27 KB)
[433/1016] 51543365 ready (9 KB)
[434/1016] 7613033541049 ready (14 KB)
[435/1016] 13779764 ready (10 KB)
[436/1016] 5000189327290 rejected (cutout_too_sparse)
[437/1016] 7613036193047 ready (26 KB)
[438/1016] 5000426122565 ready (21 KB)
[439/1016] 50251100 ready (28 KB)
[440/1016] 8445291514997 ready (12 KB)
[441/1016] 7613036193061 ready (23 KB)
[442/1016] 7613031908370 ready (23 KB)
[443/1016] 5000189329386 rejected (no_front_photo)
[444/1016] 5000426112160 ready (21 KB)
[445/1016] 50251070 ready (25 KB)
[446/1016] 6294003568405 rejected (no_front_photo)
[447/1016] 7613031464463 ready (15 KB)
[448/1016] 7613032586577 rejected (no_front_photo)
[449/1016] 7613032981877 ready (26 KB)
[450/1016] 7613034022417 ready (31 KB)
[451/1016] 7613034185730 ready (32 KB)
[452/1016] 7613034185853 ready (23 KB)
[453/1016] 7613034235107 ready (15 KB)
[454/1016] 7613034235121 ready (20 KB)
[455/1016] 7613034749208 ready (31 KB)
[456/1016] 7613035317062 rejected (no_front_photo)
[457/1016] 7613035412248 ready (20 KB)
[458/1016] 7613035560819 ready (19 KB)
[459/1016] 7613035794153 ready (12 KB)
[460/1016] 7613035980501 rejected (no_front_photo)
[461/1016] 7613036089302 ready (27 KB)
[462/1016] 7613036204309 ready (30 KB)
[463/1016] 7613034233929 rejected (no_front_photo)
[464/1016] 7613036364539 ready (23 KB)
[465/1016] 7613032929206 ready (22 KB)
[466/1016] 5000426171518 ready (14 KB)
[467/1016] 5000189983281 ready (13 KB)
[468/1016] 7613036071079 ready (22 KB)
[469/1016] 7613034944849 ready (18 KB)
[470/1016] 7613034938459 ready (12 KB)
[471/1016] 7613032596668 ready (14 KB)
[472/1016] 7613033110504 ready (20 KB)
[473/1016] 7613033560750 rejected (cutout_too_sparse)
[474/1016] 8000300407976 ready (30 KB)
[475/1016] 40052960 ready (18 KB)
[476/1016] 7613287481726 ready (17 KB)
[477/1016] 8445290287113 rejected (cutout_too_sparse)
[478/1016] 3023290170236 rejected (cutout_too_sparse)
[479/1016] 3023290797174 ready (16 KB)
[480/1016] 3276550689539 ready (21 KB)
[481/1016] 40052977 ready (15 KB)
[482/1016] 50249480 rejected (cutout_too_sparse)
[483/1016] 59920564 ready (29 KB)
[484/1016] 7613030959496 ready (10 KB)
[485/1016] 7613031483938 ready (10 KB)
[486/1016] 7613032789718 ready (17 KB)
[487/1016] 7613031241576 ready (9 KB)
[488/1016] 7613031247103 ready (10 KB)
[489/1016] 7613032301002 ready (19 KB)
[490/1016] 7613032462673 ready (11 KB)
[491/1016] 7613032898779 rejected (no_front_photo)
[492/1016] 7613034169051 ready (20 KB)
[493/1016] 7613034281524 ready (15 KB)
[494/1016] 7613034696526 rejected (cutout_too_sparse)
[495/1016] 7613034765086 ready (7 KB)
[496/1016] 8585002484093 ready (29 KB)
[497/1016] 7613035781627 ready (22 KB)
[498/1016] 7613036750011 rejected (cutout_too_sparse)
[499/1016] 8585002484079 rejected (cutout_too_sparse)
[500/1016] 4005500310105 ready (12 KB)
[501/1016] 7613036400640 ready (16 KB)
[502/1016] 7613032397623 rejected (cutout_too_sparse)
[503/1016] 7613033687983 ready (21 KB)
[504/1016] 7613039830727 ready (20 KB)
[505/1016] 7613036501354 ready (18 KB)
[506/1016] 8585002441263 ready (31 KB)
[507/1016] 7613039829264 ready (30 KB)
[508/1016] 7613035645585 ready (19 KB)
[509/1016] 3033710084005 ready (12 KB)
[510/1016] 8585002438874 ready (30 KB)
[511/1016] 7613036892520 ready (19 KB)
[512/1016] 7613034678515 ready (27 KB)
[513/1016] 7613035862265 ready (22 KB)
[514/1016] 8585002442499 rejected (cutout_too_sparse)
[515/1016] 7613036217675 ready (10 KB)
[516/1016] 8445290753755 ready (25 KB)
[517/1016] 7613039830864 ready (31 KB)
[518/1016] 8585002484055 rejected (cutout_too_sparse)
[519/1016] 7613036892360 ready (27 KB)
[520/1016] 7613036400671 rejected (cutout_too_sparse)
[521/1016] 0643435781627 ready (20 KB)
[522/1016] 7613039158319 ready (28 KB)
[523/1016] 7610100034084 ready (14 KB)
[524/1016] 7610100031403 ready (5 KB)
[525/1016] 40056012 ready (10 KB)
[526/1016] 7613032968366 rejected (source_too_small)
[527/1016] 7613036386449 ready (14 KB)
[528/1016] 8607100571137 ready (20 KB)
[529/1016] 7610100031274 ready (4 KB)
[530/1016] 3230140006229 ready (16 KB)
[531/1016] 40056043 rejected (source_too_small)
[532/1016] 40056258 ready (13 KB)
[533/1016] 40056463 ready (14 KB)
[534/1016] 7610100019265 rejected (source_too_small)
[535/1016] 7610100031106 ready (10 KB)
[536/1016] 4005500087083 ready (17 KB)
[537/1016] 7610100034145 ready (7 KB)
[538/1016] 7610100008801 ready (5 KB)
[539/1016] 7613036386500 ready (11 KB)
[540/1016] 7613036386623 ready (11 KB)
[541/1016] 4005500087076 ready (15 KB)
[542/1016] 7613287937353 ready (5 KB)
[543/1016] 7613031495672 rejected (no_front_photo)
[544/1016] 7610100057007 ready (12 KB)
[545/1016] 7610100007071 ready (23 KB)
[546/1016] 7610100029646 ready (9 KB)
[547/1016] 7610100032066 ready (11 KB)
[548/1016] 7610100032134 ready (10 KB)
[549/1016] 7613031523825 ready (13 KB)
[550/1016] 7613034759702 ready (9 KB)
[551/1016] 7613036386470 ready (13 KB)
[552/1016] 7610100035173 ready (16 KB)
[553/1016] 8445290996633 rejected (cutout_too_sparse)
[554/1016] 7290000060125 ready (26 KB)
[555/1016] 7290014874190 ready (26 KB)
[556/1016] 7290014874770 rejected (no_front_photo)
[557/1016] 7290109350653 rejected (cutout_too_sparse)
[558/1016] 7290111561184 ready (25 KB)
[559/1016] 7290111561498 ready (14 KB)
[560/1016] 7290109358352 ready (30 KB)
[561/1016] 7290109359007 ready (16 KB)
[562/1016] 7290109352138 ready (23 KB)
[563/1016] 7290111566851 ready (16 KB)
[564/1016] 7613036877701 ready (24 KB)
[565/1016] 7290112966889 ready (28 KB)
[566/1016] 0219899018106 ready (20 KB)
[567/1016] 81852871 ready (21 KB)
[568/1016] 13572714 ready (19 KB)
[569/1016] 13958314 ready (21 KB)
[570/1016] 3254569162700 rejected (no_front_photo)
[571/1016] 2848505026631 rejected (cutout_too_sparse)
[572/1016] 33655451 ready (21 KB)
[573/1016] 7613036877725 ready (31 KB)
[574/1016] 44350576 rejected (no_front_photo)
[575/1016] 7613055694897 rejected (no_front_photo)
[576/1016] 14877546 ready (28 KB)
[577/1016] 7340024185066 ready (22 KB)
[578/1016] 0013800497307 ready (23 KB)
[579/1016] 0059000111322 rejected (no_front_photo)
[580/1016] 7460123403509 ready (21 KB)
[581/1016] 8003828001848 ready (12 KB)
[582/1016] 7613032142599 ready (28 KB)
[583/1016] 8410100099095 ready (31 KB)
[584/1016] 6033000082985 ready (16 KB)
[585/1016] 7611700040017 ready (19 KB)
[586/1016] 5900452071014 ready (21 KB)
[587/1016] 0015000048419 ready (28 KB)
[588/1016] 7610900016433 ready (12 KB)
[589/1016] 7611700880705 ready (22 KB)
[590/1016] 01568503 ready (14 KB)
[591/1016] 7611700067090 ready (17 KB)
[592/1016] 4673445449626 ready (34 KB)
[593/1016] 3387390334111 rejected (no_front_photo)
[594/1016] 36131945 ready (24 KB)
[595/1016] 36436309 ready (26 KB)
[596/1016] 3660989188136 ready (24 KB)
[597/1016] 5365034626844 ready (20 KB)
[598/1016] 5900020031426 ready (25 KB)
[599/1016] 7613032729479 ready (22 KB)
[600/1016] 7613035977044 ready (26 KB)
[601/1016] 3654040947671 ready (31 KB)
[602/1016] 5396533343963 ready (30 KB)
[603/1016] 2325955307799 ready (27 KB)
[604/1016] 6632782252755 ready (31 KB)
[605/1016] 67367795 rejected (no_front_photo)
[606/1016] 3624041947611 ready (16 KB)
[607/1016] 2890670015415 ready (24 KB)
[608/1016] 2000000111349 rejected (no_front_photo)
[609/1016] 5365032779566 ready (25 KB)
[610/1016] 01661682 ready (19 KB)
[611/1016] 7303037535426 ready (19 KB)
[612/1016] 4620015852690 ready (27 KB)
[613/1016] 2637865597185 ready (23 KB)
[614/1016] 61035430 ready (21 KB)
[615/1016] 8976534890016 ready (21 KB)
[616/1016] 34387795 ready (19 KB)
[617/1016] 5900020016225 ready (24 KB)
[618/1016] 13925137 ready (20 KB)
[619/1016] 36254477 ready (12 KB)
[620/1016] 07865992 ready (22 KB)
[621/1016] 3387390331523 ready (34 KB)
[622/1016] 7613036669498 ready (35 KB)
[623/1016] 5900020022745 ready (33 KB)
[624/1016] 0065633134652 ready (22 KB)
[625/1016] 0016000487697 ready (19 KB)
[626/1016] 5011476100885 ready (26 KB)
[627/1016] 0016000169364 ready (37 KB)
[628/1016] 0065633422889 ready (18 KB)
[629/1016] 5010933011238 ready (17 KB)
[630/1016] 08111736 rejected (cutout_too_sparse)
[631/1016] 0065633279612 ready (24 KB)
[632/1016] 0016000275188 rejected (no_front_photo)
[633/1016] 0065633401693 ready (31 KB)
[634/1016] 3760122966444 ready (23 KB)
[635/1016] 7613035174436 ready (33 KB)
[636/1016] 7613035791497 rejected (cutout_too_sparse)
[637/1016] 0065633279599 ready (22 KB)
[638/1016] 7613036403092 ready (30 KB)
[639/1016] 0016000119604 ready (28 KB)
[640/1016] 7633636464446 ready (27 KB)
[641/1016] 5900020030115 ready (27 KB)
[642/1016] 5900020016300 ready (28 KB)
[643/1016] 5900020024626 ready (18 KB)
[644/1016] 0016000660595 ready (14 KB)
[645/1016] 0065633148253 ready (22 KB)
[646/1016] 0016000461529 rejected (no_front_photo)
[647/1016] 5900020036179 ready (46 KB)
[648/1016] 0016000160712 ready (17 KB)
[649/1016] 0016000173033 ready (28 KB)
[650/1016] 7613287324061 ready (21 KB)
[651/1016] 7613035159860 rejected (no_front_photo)
[652/1016] 7613034624857 ready (39 KB)
[653/1016] 7613034624888 ready (30 KB)
[654/1016] 7613034624918 ready (29 KB)
[655/1016] 7613035040915 ready (23 KB)
[656/1016] 7613035090750 ready (19 KB)
[657/1016] 12735051 rejected (no_front_photo)
[658/1016] 1624197176561 ready (20 KB)
[659/1016] 0411111640410 ready (16 KB)
[660/1016] 0947800900171 ready (30 KB)
[661/1016] 0343064035237 ready (24 KB)
[662/1016] 36561285 ready (18 KB)
[663/1016] 31557337 rejected (cutout_too_sparse)
[664/1016] 7813035040797 ready (20 KB)
[665/1016] 2225035040823 rejected (cutout_too_sparse)
[666/1016] 43275151 ready (24 KB)
[667/1016] 7613034543592 rejected (cutout_too_sparse)
[668/1016] 3850334410634 ready (21 KB)
[669/1016] 5634987596413 ready (30 KB)
[670/1016] 9000295871898 ready (13 KB)
[671/1016] 9000295970393 ready (15 KB)
[672/1016] 7310240050189 ready (20 KB)
[673/1016] 7310090755692 ready (18 KB)
[674/1016] 9000295830284 ready (19 KB)
[675/1016] 5900571300491 ready (32 KB)
[676/1016] 9000295871997 ready (13 KB)
[677/1016] 9000295830246 ready (20 KB)
[678/1016] 7310240650082 ready (13 KB)
[679/1016] 7310240075472 ready (15 KB)
[680/1016] 6424908462502 ready (17 KB)
[681/1016] 9000295830406 ready (20 KB)
[682/1016] 4750022475237 ready (18 KB)
[683/1016] 5900571103283 ready (24 KB)
[684/1016] 7310240076813 ready (31 KB)
[685/1016] 4750022505118 ready (20 KB)
[686/1016] 5900571050037 ready (22 KB)
[687/1016] 7310240025255 ready (15 KB)
[688/1016] 9000295832356 ready (25 KB)
[689/1016] 9000295870211 ready (15 KB)
[690/1016] 9017100001401 ready (22 KB)
[691/1016] 6424908462021 ready (19 KB)
[692/1016] 9000295830475 ready (22 KB)
[693/1016] 9000295833094 ready (14 KB)
[694/1016] 7310240060027 ready (13 KB)
[695/1016] 5900571101395 ready (18 KB)
[696/1016] 9000295871430 ready (19 KB)
[697/1016] 9000295833056 ready (24 KB)
[698/1016] 9000295832370 ready (21 KB)
[699/1016] 9000295834176 ready (26 KB)
[700/1016] 7613033666445 ready (19 KB)
[701/1016] 0643435833272 ready (9 KB)
[702/1016] 8445291730663 ready (12 KB)
[703/1016] 3179730011864 ready (13 KB)
[704/1016] 7613036971133 ready (14 KB)
[705/1016] 0643435833302 ready (14 KB)
[706/1016] 8445291047297 ready (11 KB)
[707/1016] 3179730010515 ready (11 KB)
[708/1016] 7613035833319 ready (29 KB)
[709/1016] 7613034901002 ready (19 KB)
[710/1016] 7613035870598 ready (11 KB)
[711/1016] 3179730010560 ready (10 KB)
[712/1016] 3179730011376 ready (10 KB)
[713/1016] 0074780911467 ready (17 KB)
[714/1016] 07527625 ready (26 KB)
[715/1016] 12340194 ready (18 KB)
[716/1016] 30140677 ready (13 KB)
[717/1016] 16936461 ready (11 KB)
[718/1016] 7613036668071 ready (14 KB)
[719/1016] 8445291588608 ready (15 KB)
[720/1016] 7113967033066 ready (13 KB)
[721/1016] 0074780000734 rejected (no_front_photo)
[722/1016] 0074780201032 ready (16 KB)
[723/1016] 0074780333436 ready (20 KB)
[724/1016] 0074780355667 ready (10 KB)
[725/1016] 0074780355940 rejected (source_too_small)
[726/1016] 0074780447034 ready (18 KB)
[727/1016] 0074780911528 ready (15 KB)
[728/1016] 05151660 rejected (no_front_photo)
[729/1016] 13307066 ready (20 KB)
[730/1016] 10022708 ready (14 KB)
[731/1016] 8002270015519 ready (14 KB)
[732/1016] 8000815004585 ready (20 KB)
[733/1016] 8000815004233 ready (13 KB)
[734/1016] 8002270015526 ready (9 KB)
[735/1016] 8000815004295 ready (38 KB)
[736/1016] 8002270015090 ready (21 KB)
[737/1016] 8002270057656 ready (30 KB)
[738/1016] 8002270015083 ready (18 KB)
[739/1016] 7613036249928 rejected (cutout_too_sparse)
[740/1016] 3179732326911 ready (22 KB)
[741/1016] 3048431001576 ready (12 KB)
[742/1016] 7613287289537 ready (13 KB)
[743/1016] 8445291599635 ready (13 KB)
[744/1016] 3179730116125 rejected (lying_ambiguous)
[745/1016] 3179732325136 ready (10 KB)
[746/1016] 00993685 ready (18 KB)
[747/1016] 0422122734838 ready (17 KB)
[748/1016] 3179732354136 ready (15 KB)
[749/1016] 3179732353511 ready (15 KB)
[750/1016] 3179732361202 ready (15 KB)
[751/1016] 3179730256234 rejected (no_front_photo)
[752/1016] 3415072540410 ready (16 KB)
[753/1016] 7613035468481 ready (10 KB)
[754/1016] 13176099 ready (13 KB)
[755/1016] 3179732354969 ready (16 KB)
[756/1016] 7613036261111 ready (12 KB)
[757/1016] 36235582 ready (15 KB)
[758/1016] 3179730117856 ready (14 KB)
[759/1016] 7613036849388 ready (15 KB)
[760/1016] 3179732338648 ready (15 KB)
[761/1016] 7613036760515 ready (11 KB)
[762/1016] 7613036251518 ready (24 KB)
[763/1016] 3179730117917 ready (17 KB)
[764/1016] 15987952 ready (14 KB)
[765/1016] 15395728 ready (15 KB)
[766/1016] 11570727 ready (8 KB)
[767/1016] 7613036730846 ready (19 KB)
[768/1016] 7613176249918 rejected (no_front_photo)
[769/1016] 7613035866386 ready (14 KB)
[770/1016] 7613287926661 ready (16 KB)
[771/1016] 14237126 ready (12 KB)
[772/1016] 17412847 ready (20 KB)
[773/1016] 7613036251044 ready (13 KB)
[774/1016] 7613036251051 ready (30 KB)
[775/1016] 94355468 ready (11 KB)
[776/1016] 18844212 ready (12 KB)
[777/1016] 7613906863131 ready (19 KB)
[778/1016] 7613036462402 ready (22 KB)
[779/1016] 18103564 rejected (lying_ambiguous)
[780/1016] 3179730115807 ready (10 KB)
[781/1016] 13551759 ready (13 KB)
[782/1016] 3614041866326 ready (12 KB)
[783/1016] 6119740115821 ready (11 KB)
[784/1016] 0707089111459 rejected (no_front_photo)
[785/1016] 7613287055415 ready (15 KB)
[786/1016] 7613035861152 ready (15 KB)
[787/1016] 9720359868960 ready (13 KB)
[788/1016] 4713245862666 ready (14 KB)
[789/1016] 0013971021004 ready (21 KB)
[790/1016] 0013971001990 ready (25 KB)
[791/1016] 0013971040050 ready (24 KB)
[792/1016] 0060410004678 ready (28 KB)
[793/1016] 0028400099714 ready (39 KB)
[794/1016] 7501000669509 ready (11 KB)
[795/1016] 7500478013944 ready (14 KB)
[796/1016] 8714100834008 ready (18 KB)
[797/1016] 3502110008213 ready (12 KB)
[798/1016] 3502110009784 ready (10 KB)
[799/1016] 8710908947759 ready (19 KB)
[800/1016] 8710908949197 ready (12 KB)
[801/1016] 8712100775826 ready (12 KB)
[802/1016] 8714100332689 ready (14 KB)
[803/1016] 8714100332672 ready (13 KB)
[804/1016] 8714100332696 ready (12 KB)
[805/1016] 8714100384107 rejected (cutout_too_sparse)
[806/1016] 8714100801277 ready (21 KB)
[807/1016] 8711200454815 ready (10 KB)
[808/1016] 8711200454785 ready (10 KB)
[809/1016] 8714100885147 rejected (cutout_too_sparse)
[810/1016] 52502989 ready (14 KB)
[811/1016] 8714100089286 ready (16 KB)
[812/1016] 8714100801253 ready (16 KB)
[813/1016] 8714100089118 ready (12 KB)
[814/1016] 8714100885123 rejected (cutout_too_sparse)
[815/1016] 8711200483365 ready (12 KB)
[816/1016] 8714100089712 ready (15 KB)
[817/1016] 8714100383988 ready (13 KB)
[818/1016] 8714100801291 ready (11 KB)
[819/1016] 18738612 ready (13 KB)
[820/1016] 1168238762271 rejected (no_front_photo)
[821/1016] 01289408 ready (10 KB)
[822/1016] 8410409016502 ready (18 KB)
[823/1016] 0060410036068 ready (21 KB)
[824/1016] 0060410037676 ready (33 KB)
[825/1016] 0028400659321 ready (24 KB)
[826/1016] 0028400314022 ready (22 KB)
[827/1016] 0060410034064 ready (19 KB)
[828/1016] 0039047001176 ready (18 KB)
[829/1016] 0039047011656 rejected (cutout_too_sparse)
[830/1016] 0039047001442 ready (13 KB)
[831/1016] 0039047011496 ready (15 KB)
[832/1016] 5000328228402 ready (22 KB)
[833/1016] 5000328373362 ready (33 KB)
[834/1016] 5000328014937 ready (28 KB)
[835/1016] 5000328806181 ready (30 KB)
[836/1016] 0039047014589 ready (6 KB)
[837/1016] 5000328197685 ready (15 KB)
[838/1016] 0039047050013 ready (25 KB)
[839/1016] 5000328877655 rejected (cutout_too_sparse)
[840/1016] 5054269659849 ready (10 KB)
[841/1016] 11181781 ready (15 KB)
[842/1016] 5000328375618 ready (25 KB)
[843/1016] 0039047005426 ready (21 KB)
[844/1016] 5000328531007 ready (22 KB)
[845/1016] 5000328583839 ready (23 KB)
[846/1016] 5000328123301 ready (18 KB)
[847/1016] 0039047002111 ready (20 KB)
[848/1016] 0039047005136 ready (24 KB)
[849/1016] 9551016900545 ready (15 KB)
[850/1016] 5000328530215 ready (16 KB)
[851/1016] 5000328532905 rejected (cutout_too_sparse)
[852/1016] 0039047001510 ready (14 KB)
[853/1016] 0039047001800 ready (10 KB)
[854/1016] 0039047003880 ready (29 KB)
[855/1016] 0039047012035 ready (23 KB)
[856/1016] 0039047015487 rejected (no_front_photo)
[857/1016] 5010169035398 ready (23 KB)
[858/1016] 3124480159113 ready (18 KB)
[859/1016] 8435185973238 ready (8 KB)
[860/1016] 8435185946430 rejected (source_too_small)
[861/1016] 8435185973146 ready (13 KB)
[862/1016] 3124480195005 rejected (lying_ambiguous)
[863/1016] 54004450 ready (10 KB)
[864/1016] 5903111335533 ready (22 KB)
[865/1016] 50112265 ready (9 KB)
[866/1016] 3124480198068 ready (20 KB)
[867/1016] 6130003016488 ready (10 KB)
[868/1016] 3124480151490 ready (24 KB)
[869/1016] 4000140700590 ready (11 KB)
[870/1016] 3124480188946 ready (21 KB)
[871/1016] 8014396003080 ready (11 KB)
[872/1016] 3289092000373 ready (19 KB)
[873/1016] 8594001027538 ready (13 KB)
[874/1016] 9315596200231 ready (35 KB)
[875/1016] 3124480186959 rejected (source_too_small)
[876/1016] 50193424 ready (20 KB)
[877/1016] 8414100332657 ready (16 KB)
[878/1016] 5449000291202 ready (13 KB)
[879/1016] 5902860413783 ready (12 KB)
[880/1016] 8414100301042 ready (11 KB)
[881/1016] 3278732272904 ready (11 KB)
[882/1016] 54017733 ready (11 KB)
[883/1016] 5449000338419 ready (14 KB)
[884/1016] 0088009270617 ready (16 KB)
[885/1016] 14813748 ready (24 KB)
[886/1016] 3289094040506 ready (14 KB)
[887/1016] 54004146 ready (13 KB)
[888/1016] 5449000061447 ready (11 KB)
[889/1016] 3512690002884 ready (10 KB)
[890/1016] 90492525 ready (14 KB)
[891/1016] 0000300000684 ready (16 KB)
[892/1016] 8715600227048 rejected (no_front_photo)
[893/1016] 0070847814542 rejected (no_front_photo)
[894/1016] 5400552703926 ready (14 KB)
[895/1016] 8000300353600 ready (11 KB)
[896/1016] 8000300353624 rejected (no_front_photo)
[897/1016] 8000300354676 ready (21 KB)
[898/1016] 8000300353990 rejected (no_front_photo)
[899/1016] 8000300353976 rejected (no_front_photo)
[900/1016] 8000300363104 ready (20 KB)
[901/1016] 8001050025571 ready (8 KB)
[902/1016] 80015307 ready (12 KB)
[903/1016] 3770018078007 rejected (cutout_too_sparse)
[904/1016] 8342004840384 ready (15 KB)
[905/1016] 3770018078045 ready (25 KB)
[906/1016] 0114422018649 ready (21 KB)
[907/1016] 2037779007228 ready (15 KB)
[908/1016] 17565840 ready (14 KB)
[909/1016] 36432561 ready (18 KB)
[910/1016] 11085548 ready (15 KB)
[911/1016] 7613031423958 rejected (no_front_photo)
[912/1016] 53024565 ready (15 KB)
[913/1016] 0303710071003 ready (12 KB)
[914/1016] 0343634366693 ready (19 KB)
[915/1016] 2933770993228 ready (16 KB)
[916/1016] 59877752 ready (15 KB)
[917/1016] 09101229 ready (14 KB)
[918/1016] 5615891414567 ready (13 KB)
[919/1016] 17555239 ready (17 KB)
[920/1016] 8445290000811 ready (19 KB)
[921/1016] 8445290000620 ready (17 KB)
[922/1016] 8445290695048 ready (22 KB)
[923/1016] 07465619 ready (15 KB)
[924/1016] 3033710020003 ready (6 KB)
[925/1016] 7613034732514 ready (23 KB)
[926/1016] 8445290108593 ready (16 KB)
[927/1016] 0621411608816 rejected (no_front_photo)
[928/1016] 3033710036776 rejected (cutout_too_sparse)
[929/1016] 3033710053797 rejected (no_front_photo)
[930/1016] 3033710060108 ready (16 KB)
[931/1016] 3824044111105 ready (18 KB)
[932/1016] 64347608 ready (23 KB)
[933/1016] 7613035643574 ready (25 KB)
[934/1016] 7613033039041 rejected (no_front_photo)
[935/1016] 7613033111105 ready (20 KB)
[936/1016] 7613033116094 ready (22 KB)
[937/1016] 7613034436696 ready (21 KB)
[938/1016] 7613034697486 ready (19 KB)
[939/1016] 7613034732453 ready (18 KB)
[940/1016] 7613035386938 rejected (no_front_photo)
[941/1016] 7613034090089 ready (18 KB)
[942/1016] 15714787 ready (22 KB)
[943/1016] 7613036550017 ready (22 KB)
[944/1016] 7613036999687 ready (14 KB)
[945/1016] 3033710053674 ready (20 KB)
[946/1016] 7613036987226 ready (16 KB)
[947/1016] 08541086 ready (14 KB)
[948/1016] 8445290073013 ready (14 KB)
[949/1016] 8445290139979 ready (13 KB)
[950/1016] 7613035114340 rejected (no_front_photo)
[951/1016] 7613037684070 ready (27 KB)
[952/1016] 7613035123458 ready (22 KB)
[953/1016] 7613036571708 ready (24 KB)
[954/1016] 9790345125049 ready (25 KB)
[955/1016] 7613035124974 ready (26 KB)
[956/1016] 07370793 ready (15 KB)
[957/1016] 0323266853693 ready (16 KB)
[958/1016] 3387390320374 ready (11 KB)
[959/1016] 7613035783164 ready (14 KB)
[960/1016] 7290115205312 ready (22 KB)
[961/1016] 3020120040257 ready (30 KB)
[962/1016] 7613035213678 ready (28 KB)
[963/1016] 3662072013080 ready (14 KB)
[964/1016] 0382480326468 rejected (no_front_photo)
[965/1016] 5900020024237 ready (14 KB)
[966/1016] 7613035626676 rejected (no_front_photo)
[967/1016] 7613032540692 ready (39 KB)
[968/1016] 7613033951978 ready (24 KB)
[969/1016] 7613035563551 ready (24 KB)
[970/1016] 7613035563612 ready (7 KB)
[971/1016] 7613036245739 ready (31 KB)
[972/1016] 19171678 ready (19 KB)
[973/1016] 7613033681370 ready (20 KB)
[974/1016] 11680284 rejected (no_front_photo)
[975/1016] 78187443 ready (18 KB)
[976/1016] 5900020025197 ready (15 KB)
[977/1016] 11668127 ready (27 KB)
[978/1016] 09879850 ready (34 KB)
[979/1016] 19442709 ready (25 KB)
[980/1016] 3327390120338 rejected (no_front_photo)
[981/1016] 3503190061570 ready (32 KB)
[982/1016] 3377390325011 ready (26 KB)
[983/1016] 4390834479483 ready (31 KB)
[984/1016] 0204928173444 ready (14 KB)
[985/1016] 7613037604351 ready (31 KB)
[986/1016] 7702024068358 ready (19 KB)
[987/1016] 35033141 ready (21 KB)
[988/1016] 4002334111755 ready (31 KB)
[989/1016] 7613032233778 ready (18 KB)
[990/1016] 7613035009431 rejected (no_front_photo)
[991/1016] 7613036153690 ready (20 KB)
[992/1016] 4006581017693 ready (20 KB)
[993/1016] 4002334117412 ready (21 KB)
[994/1016] 4006581060156 rejected (no_front_photo)
[995/1016] 7613036637725 ready (15 KB)
[996/1016] 7610072120129 ready (15 KB)
[997/1016] 7613036759281 ready (24 KB)
[998/1016] 7613036154215 ready (12 KB)
[999/1016] 7613030256182 rejected (cutout_too_sparse)
[1000/1016] 7613036154246 ready (19 KB)
[1001/1016] 4011800219222 ready (14 KB)
[1002/1016] 7610072023062 ready (16 KB)
[1003/1016] 7613036212090 rejected (cutout_too_sparse)
[1004/1016] 4006581060163 rejected (cutout_too_sparse)
[1005/1016] 4011800210311 ready (19 KB)
[1006/1016] 7613036154185 ready (19 KB)
[1007/1016] 7610026042552 rejected (no_front_photo)
[1008/1016] 3274664261382 ready (16 KB)
[1009/1016] 3274664249991 ready (12 KB)
[1010/1016] 3274664249984 ready (15 KB)
[1011/1016] 7613036279888 rejected (cutout_too_sparse)
[1012/1016] 7613036248730 rejected (cutout_too_sparse)
[1013/1016] 8437013474177 ready (9 KB)
[1014/1016] 04321042 rejected (no_front_photo)
[1015/1016] 8436615680252 ready (16 KB)
[1016/1016] 3274664206604 ready (33 KB)
{"ready": 861, "rejected": 155, "skipped": 0}
